
  .   ____          _            __ _ _
 /\\ / ___'_ __ _ _(_)_ __  __ _ \ \ \ \
( ( )\___ | '_ | '_| | '_ \/ _` | \ \ \ \
 \\/  ___)| |_)| | | | | || (_| |  ) ) ) )
  '  |____| .__|_| |_|_| |_\__, | / / / /
 =========|_|==============|___/=/_/_/_/

 :: Spring Boot ::                (v4.1.0)

2026-08-11T07:57:29.455+02:00  INFO 12756 --- [YPost] [           main] com.example.YPost.YPostApplication       : Starting YPostApplication using Java 21.0.12 with PID 12756 (C:\Users\LAP\Documents\javaprojects\YPost\target\classes started by LAP in C:\Users\LAP\Documents\javaprojects\YPost)
2026-08-11T07:57:29.460+02:00  INFO 12756 --- [YPost] [           main] com.example.YPost.YPostApplication       : No active profile set, falling back to 1 default profile: "default"
2026-08-11T07:57:29.505+02:00  INFO 12756 --- [YPost] [           main] .s.b.d.c.l.DockerComposeLifecycleManager : Using Docker Compose file C:\Users\LAP\Documents\javaprojects\YPost\compose.yaml
2026-08-11T07:57:30.237+02:00  INFO 12756 --- [YPost] [           main] .s.b.d.c.l.DockerComposeLifecycleManager : There are already Docker Compose services running, skipping startup
2026-08-11T07:57:30.877+02:00  INFO 12756 --- [YPost] [           main] .s.d.r.c.RepositoryConfigurationDelegate : Bootstrapping Spring Data JPA repositories in DEFAULT mode.
2026-08-11T07:57:30.915+02:00  INFO 12756 --- [YPost] [           main] .s.d.r.c.RepositoryConfigurationDelegate : Finished Spring Data repository scanning in 29 ms. Found 3 JPA repository interfaces.
2026-08-11T07:57:31.256+02:00  INFO 12756 --- [YPost] [           main] o.s.boot.tomcat.TomcatWebServer          : Tomcat initialized with port 8080 (http)
2026-08-11T07:57:31.272+02:00  INFO 12756 --- [YPost] [           main] o.apache.catalina.core.StandardService   : Starting service [Tomcat]
2026-08-11T07:57:31.272+02:00  INFO 12756 --- [YPost] [           main] o.apache.catalina.core.StandardEngine    : Starting Servlet engine: [Apache Tomcat/11.0.22]
2026-08-11T07:57:31.309+02:00  INFO 12756 --- [YPost] [           main] b.w.c.s.WebApplicationContextInitializer : Root WebApplicationContext: initialization completed in 839 ms
2026-08-11T07:57:31.426+02:00  INFO 12756 --- [YPost] [           main] org.hibernate.orm.jpa                    : HHH008540: Processing PersistenceUnitInfo [name: default]
2026-08-11T07:57:31.461+02:00  INFO 12756 --- [YPost] [           main] org.hibernate.orm.core                   : HHH000001: Hibernate ORM core version 7.4.1.Final
2026-08-11T07:57:31.727+02:00  INFO 12756 --- [YPost] [           main] o.s.o.j.p.SpringPersistenceUnitInfo      : No LoadTimeWeaver setup: ignoring JPA class transformer
2026-08-11T07:57:31.753+02:00  INFO 12756 --- [YPost] [           main] com.zaxxer.hikari.HikariDataSource       : HikariPool-1 - Starting...
2026-08-11T07:57:31.862+02:00  INFO 12756 --- [YPost] [           main] com.zaxxer.hikari.pool.HikariPool        : HikariPool-1 - Added connection org.postgresql.jdbc.PgConnection@9f48198
2026-08-11T07:57:31.867+02:00  INFO 12756 --- [YPost] [           main] com.zaxxer.hikari.HikariDataSource       : HikariPool-1 - Start completed.
2026-08-11T07:57:31.888+02:00  WARN 12756 --- [YPost] [           main] org.hibernate.orm.deprecation            : HHH90000025: PostgreSQLDialect does not need to be specified explicitly using 'hibernate.dialect' (remove the property setting and it will be selected by default)
2026-08-11T07:57:31.905+02:00  INFO 12756 --- [YPost] [           main] org.hibernate.orm.connections.pooling    : HHH10001005: Database info:
	Database JDBC URL [jdbc:postgresql://127.0.0.1:5433/yposts?ApplicationName=YPost]
	Database driver: PostgreSQL JDBC Driver
	Database dialect: PostgreSQLDialect
	Database version: 16.14
	Default catalog/schema: yposts/public
	Autocommit mode: undefined/unknown
	Isolation level: READ_COMMITTED [default READ_COMMITTED]
	JDBC fetch size: none
	Pool: DataSourceConnectionProvider
	Minimum pool size: undefined/unknown
	Maximum pool size: undefined/unknown
2026-08-11T07:57:32.601+02:00  INFO 12756 --- [YPost] [           main] org.hibernate.orm.core                   : HHH000489: No JTA platform available (set 'hibernate.transaction.jta.platform' to enable JTA platform integration)
2026-08-11T07:57:32.665+02:00  INFO 12756 --- [YPost] [           main] j.LocalContainerEntityManagerFactoryBean : Initialized JPA EntityManagerFactory for persistence unit 'default'
2026-08-11T07:57:32.712+02:00  INFO 12756 --- [YPost] [           main] o.s.d.j.r.query.QueryEnhancerFactories   : Hibernate is in classpath; If applicable, HQL parser will be used.
2026-08-11T07:57:33.290+02:00  INFO 12756 --- [YPost] [           main] eAuthenticationProviderManagerConfigurer : Global AuthenticationManager configured with AuthenticationProvider bean with name authenticationProvider
2026-08-11T07:57:33.296+02:00  WARN 12756 --- [YPost] [           main] r$InitializeUserDetailsManagerConfigurer : Global AuthenticationManager configured with an AuthenticationProvider bean. UserDetailsService beans will not be used by Spring Security for automatically configuring username/password login. Consider removing the AuthenticationProvider bean. Alternatively, consider using the UserDetailsService in a manually instantiated DaoAuthenticationProvider. If the current configuration is intentional, to turn off this warning, increase the logging level of 'org.springframework.security.config.annotation.authentication.configuration.InitializeUserDetailsBeanManagerConfigurer' to ERROR
2026-08-11T07:57:33.598+02:00  INFO 12756 --- [YPost] [           main] o.s.boot.tomcat.TomcatWebServer          : Tomcat started on port 8080 (http) with context path '/'
2026-08-11T07:57:33.607+02:00  INFO 12756 --- [YPost] [           main] com.example.YPost.YPostApplication       : Started YPostApplication in 4.428 seconds (process running for 4.678)
Hibernate: select count(*) from users u1_0
2026-08-11T08:50:41.444+02:00  WARN 12756 --- [YPost] [l-1:housekeeper] com.zaxxer.hikari.pool.HikariPool        : HikariPool-1 - Thread starvation or clock leap detected (housekeeper delta=48m9s382ms616µs).
